+ cat ResourcesToTest 
storeset=raja-sdsc raja-sdsc2
+ cat /users/u3/sekar/.srb/.MdasEnv 
+ awk {print substr($0,9)} 
+ grep srbHost 
HOST='srb.sdsc.edu'
+ [  = Windows_NT ] 
binDir=../../utilities/bin
DATA_FILES=data_1 data_2 data_3 data_4 datadb1.xml dataempty
TMP_DIR=../TMP
i=1
+ [ 20040603150622 =  ] 
testid=20040603150622
+ date +%Y-%m-%d 
testdate=2004-06-03
+ echo TESTID = 20040603150622 
TESTID = 20040603150622
+ echo TESTDATE = 2004-06-03 
TESTDATE = 2004-06-03
+ ../../utilities/bin/Sinit -v 
Using default Port 9644.
Client Release = SRB-3.0.2, API version = F.
Server Release = SRB-3.0.2, API version = F.
Client mcatZone = sdscdemo
Server mcatZone = sdscdemo
+ ../../utilities/bin/SgetU -d -Y 0 
--------------------------- RESULTS ------------------------------
user_name: sekar
domain_desc: sdsc
-----------------------------------------------------------------
+ ../../utilities/bin/Smkdir Stest3Dir20040603150622 
+ ../../utilities/bin/Scd Stest3Dir20040603150622 
+ ../../utilities/bin/Smkdir S_sub1 
+ ../../utilities/bin/Sls 
/home/sekar.sdsc/Stest3Dir20040603150622:
  C-/home/sekar.sdsc/Stest3Dir20040603150622/S_sub1
+ ../../utilities/bin/Scd S_sub1 
+ ../../utilities/bin/Sput -S raja-sdsc data_1 data_1&COPIES=all 
+ ../../utilities/bin/Sticket -F ../TMP/roman1.20040603150622 -N 2 -D data_1 
Ticket has been generated and stored in ../TMP/roman1.20040603150622
+ ../../utilities/bin/Stls -F ../TMP/roman1.20040603150622 'srb.sdsc.edu' 
--------------------------- RESULTS ------------------------------
data_name: data_1
data_grp_name: /home/sekar.sdsc/Stest3Dir20040603150622/S_sub1
-----------------------------------------------------------------
+ ../../utilities/bin/SgetT -Y 0 -F ../TMP/roman1.20040603150622 
--------------------------- RESULTS ------------------------------
data_name: data_1
data_grp_name: /home/sekar.sdsc/Stest3Dir20040603150622/S_sub1
user_name: ticketuser
domain_desc: sdsc
-----------------------------------------------------------------
+ expr 1 + 1 
i=2
+ ../../utilities/bin/Sput -S raja-sdsc data_2 data_2&COPIES=all 
+ ../../utilities/bin/Sticket -F ../TMP/roman2.20040603150622 -N 2 -D data_2 
Ticket has been generated and stored in ../TMP/roman2.20040603150622
+ ../../utilities/bin/Stls -F ../TMP/roman2.20040603150622 'srb.sdsc.edu' 
--------------------------- RESULTS ------------------------------
data_name: data_2
data_grp_name: /home/sekar.sdsc/Stest3Dir20040603150622/S_sub1
-----------------------------------------------------------------
+ ../../utilities/bin/SgetT -Y 0 -F ../TMP/roman2.20040603150622 
--------------------------- RESULTS ------------------------------
data_name: data_2
data_grp_name: /home/sekar.sdsc/Stest3Dir20040603150622/S_sub1
user_name: ticketuser
domain_desc: sdsc
-----------------------------------------------------------------
+ expr 2 + 1 
i=3
+ ../../utilities/bin/Sput -S raja-sdsc data_3 data_3&COPIES=all 
+ ../../utilities/bin/Sticket -F ../TMP/roman3.20040603150622 -N 2 -D data_3 
Ticket has been generated and stored in ../TMP/roman3.20040603150622
+ ../../utilities/bin/Stls -F ../TMP/roman3.20040603150622 'srb.sdsc.edu' 
--------------------------- RESULTS ------------------------------
data_name: data_3
data_grp_name: /home/sekar.sdsc/Stest3Dir20040603150622/S_sub1
-----------------------------------------------------------------
+ ../../utilities/bin/SgetT -Y 0 -F ../TMP/roman3.20040603150622 
--------------------------- RESULTS ------------------------------
data_name: data_3
data_grp_name: /home/sekar.sdsc/Stest3Dir20040603150622/S_sub1
user_name: ticketuser
domain_desc: sdsc
-----------------------------------------------------------------
+ expr 3 + 1 
i=4
+ ../../utilities/bin/Sput -S raja-sdsc data_4 data_4&COPIES=all 
+ ../../utilities/bin/Sticket -F ../TMP/roman4.20040603150622 -N 2 -D data_4 
Ticket has been generated and stored in ../TMP/roman4.20040603150622
+ ../../utilities/bin/Stls -F ../TMP/roman4.20040603150622 'srb.sdsc.edu' 
--------------------------- RESULTS ------------------------------
data_name: data_4
data_grp_name: /home/sekar.sdsc/Stest3Dir20040603150622/S_sub1
-----------------------------------------------------------------
+ ../../utilities/bin/SgetT -Y 0 -F ../TMP/roman4.20040603150622 
--------------------------- RESULTS ------------------------------
data_name: data_4
data_grp_name: /home/sekar.sdsc/Stest3Dir20040603150622/S_sub1
user_name: ticketuser
domain_desc: sdsc
-----------------------------------------------------------------
+ expr 4 + 1 
i=5
+ ../../utilities/bin/Sput -S raja-sdsc datadb1.xml datadb1.xml&COPIES=all 
+ ../../utilities/bin/Sticket -F ../TMP/roman5.20040603150622 -N 2 -D datadb1.xml 
Ticket has been generated and stored in ../TMP/roman5.20040603150622
+ ../../utilities/bin/Stls -F ../TMP/roman5.20040603150622 'srb.sdsc.edu' 
--------------------------- RESULTS ------------------------------
data_name: datadb1.xml
data_grp_name: /home/sekar.sdsc/Stest3Dir20040603150622/S_sub1
-----------------------------------------------------------------
+ ../../utilities/bin/SgetT -Y 0 -F ../TMP/roman5.20040603150622 
--------------------------- RESULTS ------------------------------
data_name: datadb1.xml
data_grp_name: /home/sekar.sdsc/Stest3Dir20040603150622/S_sub1
user_name: ticketuser
domain_desc: sdsc
-----------------------------------------------------------------
+ expr 5 + 1 
i=6
+ ../../utilities/bin/Sput -S raja-sdsc dataempty dataempty&COPIES=all 
+ ../../utilities/bin/Sticket -F ../TMP/roman6.20040603150622 -N 2 -D dataempty 
Ticket has been generated and stored in ../TMP/roman6.20040603150622
+ ../../utilities/bin/Stls -F ../TMP/roman6.20040603150622 'srb.sdsc.edu' 
--------------------------- RESULTS ------------------------------
data_name: dataempty
data_grp_name: /home/sekar.sdsc/Stest3Dir20040603150622/S_sub1
-----------------------------------------------------------------
+ ../../utilities/bin/SgetT -Y 0 -F ../TMP/roman6.20040603150622 
--------------------------- RESULTS ------------------------------
data_name: dataempty
data_grp_name: /home/sekar.sdsc/Stest3Dir20040603150622/S_sub1
user_name: ticketuser
domain_desc: sdsc
-----------------------------------------------------------------
+ expr 6 + 1 
i=7
+ ../../utilities/bin/Scd .. 
+ ../../utilities/bin/SgetD -Y 0 -L 500 S_sub1/* 
repl_enum: 0
data_name: data_1
data_typ_name: generic
path_name: /misc/srb/sekar/MySRBVault/sekar.sdsc/10/68/data_1.1644088691.1086300387
data_grp_name: /home/sekar.sdsc/Stest3Dir20040603150622/S_sub1
data_size: 2792
phy_rsrc_name: raja-sdsc
is_dirty: 1
container_name: 
-----------------------------------------------------------------
repl_enum: 0
data_name: data_2
data_typ_name: generic
path_name: /misc/srb/sekar/MySRBVault/sekar.sdsc/80/53/data_2.1450028356.1086300388
data_grp_name: /home/sekar.sdsc/Stest3Dir20040603150622/S_sub1
data_size: 5584
phy_rsrc_name: raja-sdsc
is_dirty: 1
container_name: 
-----------------------------------------------------------------
repl_enum: 0
data_name: data_3
data_typ_name: generic
path_name: /misc/srb/sekar/MySRBVault/sekar.sdsc/51/35/data_3.1255968020.1086300391
data_grp_name: /home/sekar.sdsc/Stest3Dir20040603150622/S_sub1
data_size: 8376
phy_rsrc_name: raja-sdsc
is_dirty: 1
container_name: 
-----------------------------------------------------------------
repl_enum: 0
data_name: data_4
data_typ_name: generic
path_name: /misc/srb/sekar/MySRBVault/sekar.sdsc/60/11/data_4.627031558.1086300393
data_grp_name: /home/sekar.sdsc/Stest3Dir20040603150622/S_sub1
data_size: 11168
phy_rsrc_name: raja-sdsc
is_dirty: 1
container_name: 
-----------------------------------------------------------------
repl_enum: 0
data_name: datadb1.xml
data_typ_name: generic
path_name: /misc/srb/sekar/MySRBVault/sekar.sdsc/27/94/datadb1.xml.1108663140.1086300395
data_grp_name: /home/sekar.sdsc/Stest3Dir20040603150622/S_sub1
data_size: 5147
phy_rsrc_name: raja-sdsc
is_dirty: 1
container_name: 
-----------------------------------------------------------------
repl_enum: 0
data_name: dataempty
data_typ_name: generic
path_name: /misc/srb/sekar/MySRBVault/sekar.sdsc/2/77/dataempty.238910887.1086300397
data_grp_name: /home/sekar.sdsc/Stest3Dir20040603150622/S_sub1
data_size: 0
phy_rsrc_name: raja-sdsc
is_dirty: 0
container_name: 
-----------------------------------------------------------------
+ ../../utilities/bin/Sls -lr 
/home/sekar.sdsc/Stest3Dir20040603150622:
  C-/home/sekar.sdsc/Stest3Dir20040603150622/S_sub1
/home/sekar.sdsc/Stest3Dir20040603150622/S_sub1:
  sekar       0 raja-sdsc                   2792 2004-06-03-15.06 % data_1
  sekar       0 raja-sdsc                   5584 2004-06-03-15.06 % data_2
  sekar       0 raja-sdsc                   8376 2004-06-03-15.06 % data_3
  sekar       0 raja-sdsc                  11168 2004-06-03-15.06 % data_4
  sekar       0 raja-sdsc                   5147 2004-06-03-15.06 % datadb1.xml
  sekar       0 raja-sdsc                      0 2004-06-03-15.06   dataempty
+ ../../utilities/bin/Smkdir S_sub2 
+ ../../utilities/bin/Smv S_sub1/data_1 S_sub2 
+ ../../utilities/bin/Smv S_sub1/data_2 S_sub2 
+ ../../utilities/bin/Smv S_sub1/data_3 S_sub2 
+ ../../utilities/bin/Smv S_sub1/data_4 S_sub2 
+ ../../utilities/bin/Smv S_sub1/datadb1.xml S_sub2 
+ ../../utilities/bin/Smv S_sub1/dataempty S_sub2 
+ ../../utilities/bin/Sls -lr 
/home/sekar.sdsc/Stest3Dir20040603150622:
  C-/home/sekar.sdsc/Stest3Dir20040603150622/S_sub1
  C-/home/sekar.sdsc/Stest3Dir20040603150622/S_sub2
/home/sekar.sdsc/Stest3Dir20040603150622/S_sub1:
/home/sekar.sdsc/Stest3Dir20040603150622/S_sub2:
  sekar       0 raja-sdsc                   2792 2004-06-03-15.06 % data_1
  sekar       0 raja-sdsc                   5584 2004-06-03-15.06 % data_2
  sekar       0 raja-sdsc                   8376 2004-06-03-15.06 % data_3
  sekar       0 raja-sdsc                  11168 2004-06-03-15.06 % data_4
  sekar       0 raja-sdsc                   5147 2004-06-03-15.06 % datadb1.xml
  sekar       0 raja-sdsc                      0 2004-06-03-15.06   dataempty
+ ../../utilities/bin/Sls -lr 
/home/sekar.sdsc/Stest3Dir20040603150622:
  C-/home/sekar.sdsc/Stest3Dir20040603150622/S_sub1
  C-/home/sekar.sdsc/Stest3Dir20040603150622/S_sub2
/home/sekar.sdsc/Stest3Dir20040603150622/S_sub1:
/home/sekar.sdsc/Stest3Dir20040603150622/S_sub2:
  sekar       0 raja-sdsc                   2792 2004-06-03-15.06 % data_1
  sekar       0 raja-sdsc                   5584 2004-06-03-15.06 % data_2
  sekar       0 raja-sdsc                   8376 2004-06-03-15.06 % data_3
  sekar       0 raja-sdsc                  11168 2004-06-03-15.06 % data_4
  sekar       0 raja-sdsc                   5147 2004-06-03-15.06 % datadb1.xml
  sekar       0 raja-sdsc                      0 2004-06-03-15.06   dataempty
+ ../../utilities/bin/SgetD -Y 0 -L 200 S_sub1/* 
+ ../../utilities/bin/SgetD -Y 0 -L 200 S_sub2/* 
repl_enum: 0
data_name: data_1
data_typ_name: generic
path_name: /misc/srb/sekar/MySRBVault/sekar.sdsc/10/68/data_1.1644088691.1086300387
data_grp_name: /home/sekar.sdsc/Stest3Dir20040603150622/S_sub2
data_size: 2792
phy_rsrc_name: raja-sdsc
is_dirty: 1
container_name: 
-----------------------------------------------------------------
repl_enum: 0
data_name: data_2
data_typ_name: generic
path_name: /misc/srb/sekar/MySRBVault/sekar.sdsc/80/53/data_2.1450028356.1086300388
data_grp_name: /home/sekar.sdsc/Stest3Dir20040603150622/S_sub2
data_size: 5584
phy_rsrc_name: raja-sdsc
is_dirty: 1
container_name: 
-----------------------------------------------------------------
repl_enum: 0
data_name: data_3
data_typ_name: generic
path_name: /misc/srb/sekar/MySRBVault/sekar.sdsc/51/35/data_3.1255968020.1086300391
data_grp_name: /home/sekar.sdsc/Stest3Dir20040603150622/S_sub2
data_size: 8376
phy_rsrc_name: raja-sdsc
is_dirty: 1
container_name: 
-----------------------------------------------------------------
repl_enum: 0
data_name: data_4
data_typ_name: generic
path_name: /misc/srb/sekar/MySRBVault/sekar.sdsc/60/11/data_4.627031558.1086300393
data_grp_name: /home/sekar.sdsc/Stest3Dir20040603150622/S_sub2
data_size: 11168
phy_rsrc_name: raja-sdsc
is_dirty: 1
container_name: 
-----------------------------------------------------------------
repl_enum: 0
data_name: datadb1.xml
data_typ_name: generic
path_name: /misc/srb/sekar/MySRBVault/sekar.sdsc/27/94/datadb1.xml.1108663140.1086300395
data_grp_name: /home/sekar.sdsc/Stest3Dir20040603150622/S_sub2
data_size: 5147
phy_rsrc_name: raja-sdsc
is_dirty: 1
container_name: 
-----------------------------------------------------------------
repl_enum: 0
data_name: dataempty
data_typ_name: generic
path_name: /misc/srb/sekar/MySRBVault/sekar.sdsc/2/77/dataempty.238910887.1086300397
data_grp_name: /home/sekar.sdsc/Stest3Dir20040603150622/S_sub2
data_size: 0
phy_rsrc_name: raja-sdsc
is_dirty: 0
container_name: 
-----------------------------------------------------------------
i=1
j=1
+ ../../utilities/bin/Srmticket -F ../TMP/roman2.20040603150622 
+ [ 1 -lt 4 ] 
+ ../../utilities/bin/Stcat -T ../TMP/roman1.20040603150622 'srb.sdsc.edu' 
+ wc data_1 ../TMP/data_1.20040603150622.tmp 
      70     407    2792 data_1
      70     407    2792 ../TMP/data_1.20040603150622.tmp
     140     814    5584 total
+ rm ../TMP/data_1.20040603150622.tmp 
+ expr 1 + 1 
i=2
+ ../../utilities/bin/Stcat -T ../TMP/roman2.20040603150622 'srb.sdsc.edu' 
Stcat: can't open SRB obj ":-3238"
+ wc data_2 ../TMP/data_2.20040603150622.tmp 
     140     814    5584 data_2
       0       0       0 ../TMP/data_2.20040603150622.tmp
     140     814    5584 total
+ rm ../TMP/data_2.20040603150622.tmp 
+ expr 2 + 1 
i=3
+ ../../utilities/bin/Stcat -T ../TMP/roman3.20040603150622 'srb.sdsc.edu' 
+ wc data_3 ../TMP/data_3.20040603150622.tmp 
     210    1221    8376 data_3
     210    1221    8376 ../TMP/data_3.20040603150622.tmp
     420    2442   16752 total
+ rm ../TMP/data_3.20040603150622.tmp 
+ expr 3 + 1 
i=4
+ ../../utilities/bin/Stcat -T ../TMP/roman4.20040603150622 'srb.sdsc.edu' 
+ wc data_4 ../TMP/data_4.20040603150622.tmp 
     280    1628   11168 data_4
     280    1628   11168 ../TMP/data_4.20040603150622.tmp
     560    3256   22336 total
+ rm ../TMP/data_4.20040603150622.tmp 
+ expr 4 + 1 
i=5
+ ../../utilities/bin/Stcat -T ../TMP/roman5.20040603150622 'srb.sdsc.edu' 
+ wc datadb1.xml ../TMP/datadb1.xml.20040603150622.tmp 
     443     612    5147 datadb1.xml
     443     612    5147 ../TMP/datadb1.xml.20040603150622.tmp
     886    1224   10294 total
+ rm ../TMP/datadb1.xml.20040603150622.tmp 
+ expr 5 + 1 
i=6
+ ../../utilities/bin/Stcat -T ../TMP/roman6.20040603150622 'srb.sdsc.edu' 
+ wc dataempty ../TMP/dataempty.20040603150622.tmp 
       0       0       0 dataempty
       0       0       0 ../TMP/dataempty.20040603150622.tmp
       0       0       0 total
+ rm ../TMP/dataempty.20040603150622.tmp 
+ expr 6 + 1 
i=7
i=1
+ expr 1 + 1 
j=2
+ [ 2 -lt 4 ] 
+ ../../utilities/bin/Stcat -T ../TMP/roman1.20040603150622 'srb.sdsc.edu' 
+ wc data_1 ../TMP/data_1.20040603150622.tmp 
      70     407    2792 data_1
      70     407    2792 ../TMP/data_1.20040603150622.tmp
     140     814    5584 total
+ rm ../TMP/data_1.20040603150622.tmp 
+ expr 1 + 1 
i=2
+ ../../utilities/bin/Stcat -T ../TMP/roman2.20040603150622 'srb.sdsc.edu' 
Stcat: can't open SRB obj ":-3238"
+ wc data_2 ../TMP/data_2.20040603150622.tmp 
     140     814    5584 data_2
       0       0       0 ../TMP/data_2.20040603150622.tmp
     140     814    5584 total
+ rm ../TMP/data_2.20040603150622.tmp 
+ expr 2 + 1 
i=3
+ ../../utilities/bin/Stcat -T ../TMP/roman3.20040603150622 'srb.sdsc.edu' 
+ wc data_3 ../TMP/data_3.20040603150622.tmp 
     210    1221    8376 data_3
     210    1221    8376 ../TMP/data_3.20040603150622.tmp
     420    2442   16752 total
+ rm ../TMP/data_3.20040603150622.tmp 
+ expr 3 + 1 
i=4
+ ../../utilities/bin/Stcat -T ../TMP/roman4.20040603150622 'srb.sdsc.edu' 
+ wc data_4 ../TMP/data_4.20040603150622.tmp 
     280    1628   11168 data_4
     280    1628   11168 ../TMP/data_4.20040603150622.tmp
     560    3256   22336 total
+ rm ../TMP/data_4.20040603150622.tmp 
+ expr 4 + 1 
i=5
+ ../../utilities/bin/Stcat -T ../TMP/roman5.20040603150622 'srb.sdsc.edu' 
+ wc datadb1.xml ../TMP/datadb1.xml.20040603150622.tmp 
     443     612    5147 datadb1.xml
     443     612    5147 ../TMP/datadb1.xml.20040603150622.tmp
     886    1224   10294 total
+ rm ../TMP/datadb1.xml.20040603150622.tmp 
+ expr 5 + 1 
i=6
+ ../../utilities/bin/Stcat -T ../TMP/roman6.20040603150622 'srb.sdsc.edu' 
+ wc dataempty ../TMP/dataempty.20040603150622.tmp 
       0       0       0 dataempty
       0       0       0 ../TMP/dataempty.20040603150622.tmp
       0       0       0 total
+ rm ../TMP/dataempty.20040603150622.tmp 
+ expr 6 + 1 
i=7
i=1
+ expr 2 + 1 
j=3
+ [ 3 -lt 4 ] 
+ ../../utilities/bin/Stcat -T ../TMP/roman1.20040603150622 'srb.sdsc.edu' 
Stcat: can't open SRB obj ":-3005"
+ wc data_1 ../TMP/data_1.20040603150622.tmp 
      70     407    2792 data_1
       0       0       0 ../TMP/data_1.20040603150622.tmp
      70     407    2792 total
+ rm ../TMP/data_1.20040603150622.tmp 
+ expr 1 + 1 
i=2
+ ../../utilities/bin/Stcat -T ../TMP/roman2.20040603150622 'srb.sdsc.edu' 
Stcat: can't open SRB obj ":-3238"
+ wc data_2 ../TMP/data_2.20040603150622.tmp 
     140     814    5584 data_2
       0       0       0 ../TMP/data_2.20040603150622.tmp
     140     814    5584 total
+ rm ../TMP/data_2.20040603150622.tmp 
+ expr 2 + 1 
i=3
+ ../../utilities/bin/Stcat -T ../TMP/roman3.20040603150622 'srb.sdsc.edu' 
Stcat: can't open SRB obj ":-3005"
+ wc data_3 ../TMP/data_3.20040603150622.tmp 
     210    1221    8376 data_3
       0       0       0 ../TMP/data_3.20040603150622.tmp
     210    1221    8376 total
+ rm ../TMP/data_3.20040603150622.tmp 
+ expr 3 + 1 
i=4
+ ../../utilities/bin/Stcat -T ../TMP/roman4.20040603150622 'srb.sdsc.edu' 
Stcat: can't open SRB obj ":-3005"
+ wc data_4 ../TMP/data_4.20040603150622.tmp 
     280    1628   11168 data_4
       0       0       0 ../TMP/data_4.20040603150622.tmp
     280    1628   11168 total
+ rm ../TMP/data_4.20040603150622.tmp 
+ expr 4 + 1 
i=5
+ ../../utilities/bin/Stcat -T ../TMP/roman5.20040603150622 'srb.sdsc.edu' 
Stcat: can't open SRB obj ":-3005"
+ wc datadb1.xml ../TMP/datadb1.xml.20040603150622.tmp 
     443     612    5147 datadb1.xml
       0       0       0 ../TMP/datadb1.xml.20040603150622.tmp
     443     612    5147 total
+ rm ../TMP/datadb1.xml.20040603150622.tmp 
+ expr 5 + 1 
i=6
+ ../../utilities/bin/Stcat -T ../TMP/roman6.20040603150622 'srb.sdsc.edu' 
Stcat: can't open SRB obj ":-3005"
+ wc dataempty ../TMP/dataempty.20040603150622.tmp 
       0       0       0 dataempty
       0       0       0 ../TMP/dataempty.20040603150622.tmp
       0       0       0 total
+ rm ../TMP/dataempty.20040603150622.tmp 
+ expr 6 + 1 
i=7
i=1
+ expr 3 + 1 
j=4
+ [ 4 -lt 4 ] 
+ rm ../TMP/roman1.20040603150622 ../TMP/roman2.20040603150622 ../TMP/roman3.20040603150622 ../TMP/roman4.20040603150622 ../TMP/roman5.20040603150622 ../TMP/roman6.20040603150622 
+ ../../utilities/bin/Srmdir S_sub1 
+ ../../utilities/bin/Scd S_sub2 
+ ../../utilities/bin/Srm data* 
+ ../../utilities/bin/Scd .. 
+ ../../utilities/bin/Srmdir S_sub2 
+ ../../utilities/bin/Sls -lr 
/home/sekar.sdsc/Stest3Dir20040603150622:
+ ../../utilities/bin/Smkdir S_sub1 
+ ../../utilities/bin/Sls 
/home/sekar.sdsc/Stest3Dir20040603150622:
  C-/home/sekar.sdsc/Stest3Dir20040603150622/S_sub1
+ ../../utilities/bin/Scd S_sub1 
+ ../../utilities/bin/Sput -S raja-sdsc2 data_1 data_1&COPIES=all 
+ ../../utilities/bin/Sticket -F ../TMP/roman1.20040603150622 -N 2 -D data_1 
Ticket has been generated and stored in ../TMP/roman1.20040603150622
+ ../../utilities/bin/Stls -F ../TMP/roman1.20040603150622 'srb.sdsc.edu' 
--------------------------- RESULTS ------------------------------
data_name: data_1
data_grp_name: /home/sekar.sdsc/Stest3Dir20040603150622/S_sub1
-----------------------------------------------------------------
+ ../../utilities/bin/SgetT -Y 0 -F ../TMP/roman1.20040603150622 
--------------------------- RESULTS ------------------------------
data_name: data_1
data_grp_name: /home/sekar.sdsc/Stest3Dir20040603150622/S_sub1
user_name: ticketuser
domain_desc: sdsc
-----------------------------------------------------------------
+ expr 1 + 1 
i=2
+ ../../utilities/bin/Sput -S raja-sdsc2 data_2 data_2&COPIES=all 
+ ../../utilities/bin/Sticket -F ../TMP/roman2.20040603150622 -N 2 -D data_2 
Ticket has been generated and stored in ../TMP/roman2.20040603150622
+ ../../utilities/bin/Stls -F ../TMP/roman2.20040603150622 'srb.sdsc.edu' 
--------------------------- RESULTS ------------------------------
data_name: data_2
data_grp_name: /home/sekar.sdsc/Stest3Dir20040603150622/S_sub1
-----------------------------------------------------------------
+ ../../utilities/bin/SgetT -Y 0 -F ../TMP/roman2.20040603150622 
--------------------------- RESULTS ------------------------------
data_name: data_2
data_grp_name: /home/sekar.sdsc/Stest3Dir20040603150622/S_sub1
user_name: ticketuser
domain_desc: sdsc
-----------------------------------------------------------------
+ expr 2 + 1 
i=3
+ ../../utilities/bin/Sput -S raja-sdsc2 data_3 data_3&COPIES=all 
+ ../../utilities/bin/Sticket -F ../TMP/roman3.20040603150622 -N 2 -D data_3 
Ticket has been generated and stored in ../TMP/roman3.20040603150622
+ ../../utilities/bin/Stls -F ../TMP/roman3.20040603150622 'srb.sdsc.edu' 
--------------------------- RESULTS ------------------------------
data_name: data_3
data_grp_name: /home/sekar.sdsc/Stest3Dir20040603150622/S_sub1
-----------------------------------------------------------------
+ ../../utilities/bin/SgetT -Y 0 -F ../TMP/roman3.20040603150622 
--------------------------- RESULTS ------------------------------
data_name: data_3
data_grp_name: /home/sekar.sdsc/Stest3Dir20040603150622/S_sub1
user_name: ticketuser
domain_desc: sdsc
-----------------------------------------------------------------
+ expr 3 + 1 
i=4
+ ../../utilities/bin/Sput -S raja-sdsc2 data_4 data_4&COPIES=all 
+ ../../utilities/bin/Sticket -F ../TMP/roman4.20040603150622 -N 2 -D data_4 
Ticket has been generated and stored in ../TMP/roman4.20040603150622
+ ../../utilities/bin/Stls -F ../TMP/roman4.20040603150622 'srb.sdsc.edu' 
--------------------------- RESULTS ------------------------------
data_name: data_4
data_grp_name: /home/sekar.sdsc/Stest3Dir20040603150622/S_sub1
-----------------------------------------------------------------
+ ../../utilities/bin/SgetT -Y 0 -F ../TMP/roman4.20040603150622 
--------------------------- RESULTS ------------------------------
data_name: data_4
data_grp_name: /home/sekar.sdsc/Stest3Dir20040603150622/S_sub1
user_name: ticketuser
domain_desc: sdsc
-----------------------------------------------------------------
+ expr 4 + 1 
i=5
+ ../../utilities/bin/Sput -S raja-sdsc2 datadb1.xml datadb1.xml&COPIES=all 
+ ../../utilities/bin/Sticket -F ../TMP/roman5.20040603150622 -N 2 -D datadb1.xml 
Ticket has been generated and stored in ../TMP/roman5.20040603150622
+ ../../utilities/bin/Stls -F ../TMP/roman5.20040603150622 'srb.sdsc.edu' 
--------------------------- RESULTS ------------------------------
data_name: datadb1.xml
data_grp_name: /home/sekar.sdsc/Stest3Dir20040603150622/S_sub1
-----------------------------------------------------------------
+ ../../utilities/bin/SgetT -Y 0 -F ../TMP/roman5.20040603150622 
--------------------------- RESULTS ------------------------------
data_name: datadb1.xml
data_grp_name: /home/sekar.sdsc/Stest3Dir20040603150622/S_sub1
user_name: ticketuser
domain_desc: sdsc
-----------------------------------------------------------------
+ expr 5 + 1 
i=6
+ ../../utilities/bin/Sput -S raja-sdsc2 dataempty dataempty&COPIES=all 
+ ../../utilities/bin/Sticket -F ../TMP/roman6.20040603150622 -N 2 -D dataempty 
Ticket has been generated and stored in ../TMP/roman6.20040603150622
+ ../../utilities/bin/Stls -F ../TMP/roman6.20040603150622 'srb.sdsc.edu' 
--------------------------- RESULTS ------------------------------
data_name: dataempty
data_grp_name: /home/sekar.sdsc/Stest3Dir20040603150622/S_sub1
-----------------------------------------------------------------
+ ../../utilities/bin/SgetT -Y 0 -F ../TMP/roman6.20040603150622 
--------------------------- RESULTS ------------------------------
data_name: dataempty
data_grp_name: /home/sekar.sdsc/Stest3Dir20040603150622/S_sub1
user_name: ticketuser
domain_desc: sdsc
-----------------------------------------------------------------
+ expr 6 + 1 
i=7
+ ../../utilities/bin/Scd .. 
+ ../../utilities/bin/SgetD -Y 0 -L 500 S_sub1/* 
repl_enum: 0
data_name: data_1
data_typ_name: generic
path_name: /misc/srb/sekar/MySRBVault/sekar.sdsc/40/88/data_1.1475668271.1086300425
data_grp_name: /home/sekar.sdsc/Stest3Dir20040603150622/S_sub1
data_size: 2792
phy_rsrc_name: raja-sdsc2
is_dirty: 1
container_name: 
-----------------------------------------------------------------
repl_enum: 0
data_name: data_2
data_typ_name: generic
path_name: /misc/srb/sekar/MySRBVault/sekar.sdsc/21/67/data_2.2077707748.1086300427
data_grp_name: /home/sekar.sdsc/Stest3Dir20040603150622/S_sub1
data_size: 5584
phy_rsrc_name: raja-sdsc2
is_dirty: 1
container_name: 
-----------------------------------------------------------------
repl_enum: 0
data_name: data_3
data_typ_name: generic
path_name: /misc/srb/sekar/MySRBVault/sekar.sdsc/71/56/data_3.291447787.1086300429
data_grp_name: /home/sekar.sdsc/Stest3Dir20040603150622/S_sub1
data_size: 8376
phy_rsrc_name: raja-sdsc2
is_dirty: 1
container_name: 
-----------------------------------------------------------------
repl_enum: 0
data_name: data_4
data_typ_name: generic
path_name: /misc/srb/sekar/MySRBVault/sekar.sdsc/42/40/data_4.97387451.1086300431
data_grp_name: /home/sekar.sdsc/Stest3Dir20040603150622/S_sub1
data_size: 11168
phy_rsrc_name: raja-sdsc2
is_dirty: 1
container_name: 
-----------------------------------------------------------------
repl_enum: 0
data_name: datadb1.xml
data_typ_name: generic
path_name: /misc/srb/sekar/MySRBVault/sekar.sdsc/29/20/datadb1.xml.23735011.1086300434
data_grp_name: /home/sekar.sdsc/Stest3Dir20040603150622/S_sub1
data_size: 5147
phy_rsrc_name: raja-sdsc2
is_dirty: 1
container_name: 
-----------------------------------------------------------------
repl_enum: 0
data_name: dataempty
data_typ_name: generic
path_name: /misc/srb/sekar/MySRBVault/sekar.sdsc/10/2/dataempty.625774489.1086300436
data_grp_name: /home/sekar.sdsc/Stest3Dir20040603150622/S_sub1
data_size: 0
phy_rsrc_name: raja-sdsc2
is_dirty: 0
container_name: 
-----------------------------------------------------------------
+ ../../utilities/bin/Sls -lr 
/home/sekar.sdsc/Stest3Dir20040603150622:
  C-/home/sekar.sdsc/Stest3Dir20040603150622/S_sub1
/home/sekar.sdsc/Stest3Dir20040603150622/S_sub1:
  sekar       0 raja-sdsc2                  2792 2004-06-03-15.07 % data_1
  sekar       0 raja-sdsc2                  5584 2004-06-03-15.07 % data_2
  sekar       0 raja-sdsc2                  8376 2004-06-03-15.07 % data_3
  sekar       0 raja-sdsc2                 11168 2004-06-03-15.07 % data_4
  sekar       0 raja-sdsc2                  5147 2004-06-03-15.07 % datadb1.xml
  sekar       0 raja-sdsc2                     0 2004-06-03-15.07   dataempty
+ ../../utilities/bin/Smkdir S_sub2 
+ ../../utilities/bin/Smv S_sub1/data_1 S_sub2 
+ ../../utilities/bin/Smv S_sub1/data_2 S_sub2 
+ ../../utilities/bin/Smv S_sub1/data_3 S_sub2 
+ ../../utilities/bin/Smv S_sub1/data_4 S_sub2 
+ ../../utilities/bin/Smv S_sub1/datadb1.xml S_sub2 
+ ../../utilities/bin/Smv S_sub1/dataempty S_sub2 
+ ../../utilities/bin/Sls -lr 
/home/sekar.sdsc/Stest3Dir20040603150622:
  C-/home/sekar.sdsc/Stest3Dir20040603150622/S_sub1
  C-/home/sekar.sdsc/Stest3Dir20040603150622/S_sub2
/home/sekar.sdsc/Stest3Dir20040603150622/S_sub1:
/home/sekar.sdsc/Stest3Dir20040603150622/S_sub2:
  sekar       0 raja-sdsc2                  2792 2004-06-03-15.07 % data_1
  sekar       0 raja-sdsc2                  5584 2004-06-03-15.07 % data_2
  sekar       0 raja-sdsc2                  8376 2004-06-03-15.07 % data_3
  sekar       0 raja-sdsc2                 11168 2004-06-03-15.07 % data_4
  sekar       0 raja-sdsc2                  5147 2004-06-03-15.07 % datadb1.xml
  sekar       0 raja-sdsc2                     0 2004-06-03-15.07   dataempty
+ ../../utilities/bin/Sls -lr 
/home/sekar.sdsc/Stest3Dir20040603150622:
  C-/home/sekar.sdsc/Stest3Dir20040603150622/S_sub1
  C-/home/sekar.sdsc/Stest3Dir20040603150622/S_sub2
/home/sekar.sdsc/Stest3Dir20040603150622/S_sub1:
/home/sekar.sdsc/Stest3Dir20040603150622/S_sub2:
  sekar       0 raja-sdsc2                  2792 2004-06-03-15.07 % data_1
  sekar       0 raja-sdsc2                  5584 2004-06-03-15.07 % data_2
  sekar       0 raja-sdsc2                  8376 2004-06-03-15.07 % data_3
  sekar       0 raja-sdsc2                 11168 2004-06-03-15.07 % data_4
  sekar       0 raja-sdsc2                  5147 2004-06-03-15.07 % datadb1.xml
  sekar       0 raja-sdsc2                     0 2004-06-03-15.07   dataempty
+ ../../utilities/bin/SgetD -Y 0 -L 200 S_sub1/* 
+ ../../utilities/bin/SgetD -Y 0 -L 200 S_sub2/* 
repl_enum: 0
data_name: data_1
data_typ_name: generic
path_name: /misc/srb/sekar/MySRBVault/sekar.sdsc/40/88/data_1.1475668271.1086300425
data_grp_name: /home/sekar.sdsc/Stest3Dir20040603150622/S_sub2
data_size: 2792
phy_rsrc_name: raja-sdsc2
is_dirty: 1
container_name: 
-----------------------------------------------------------------
repl_enum: 0
data_name: data_2
data_typ_name: generic
path_name: /misc/srb/sekar/MySRBVault/sekar.sdsc/21/67/data_2.2077707748.1086300427
data_grp_name: /home/sekar.sdsc/Stest3Dir20040603150622/S_sub2
data_size: 5584
phy_rsrc_name: raja-sdsc2
is_dirty: 1
container_name: 
-----------------------------------------------------------------
repl_enum: 0
data_name: data_3
data_typ_name: generic
path_name: /misc/srb/sekar/MySRBVault/sekar.sdsc/71/56/data_3.291447787.1086300429
data_grp_name: /home/sekar.sdsc/Stest3Dir20040603150622/S_sub2
data_size: 8376
phy_rsrc_name: raja-sdsc2
is_dirty: 1
container_name: 
-----------------------------------------------------------------
repl_enum: 0
data_name: data_4
data_typ_name: generic
path_name: /misc/srb/sekar/MySRBVault/sekar.sdsc/42/40/data_4.97387451.1086300431
data_grp_name: /home/sekar.sdsc/Stest3Dir20040603150622/S_sub2
data_size: 11168
phy_rsrc_name: raja-sdsc2
is_dirty: 1
container_name: 
-----------------------------------------------------------------
repl_enum: 0
data_name: datadb1.xml
data_typ_name: generic
path_name: /misc/srb/sekar/MySRBVault/sekar.sdsc/29/20/datadb1.xml.23735011.1086300434
data_grp_name: /home/sekar.sdsc/Stest3Dir20040603150622/S_sub2
data_size: 5147
phy_rsrc_name: raja-sdsc2
is_dirty: 1
container_name: 
-----------------------------------------------------------------
repl_enum: 0
data_name: dataempty
data_typ_name: generic
path_name: /misc/srb/sekar/MySRBVault/sekar.sdsc/10/2/dataempty.625774489.1086300436
data_grp_name: /home/sekar.sdsc/Stest3Dir20040603150622/S_sub2
data_size: 0
phy_rsrc_name: raja-sdsc2
is_dirty: 0
container_name: 
-----------------------------------------------------------------
i=1
j=1
+ ../../utilities/bin/Srmticket -F ../TMP/roman2.20040603150622 
+ [ 1 -lt 4 ] 
+ ../../utilities/bin/Stcat -T ../TMP/roman1.20040603150622 'srb.sdsc.edu' 
+ wc data_1 ../TMP/data_1.20040603150622.tmp 
      70     407    2792 data_1
      70     407    2792 ../TMP/data_1.20040603150622.tmp
     140     814    5584 total
+ rm ../TMP/data_1.20040603150622.tmp 
+ expr 1 + 1 
i=2
+ ../../utilities/bin/Stcat -T ../TMP/roman2.20040603150622 'srb.sdsc.edu' 
Stcat: can't open SRB obj ":-3238"
+ wc data_2 ../TMP/data_2.20040603150622.tmp 
     140     814    5584 data_2
       0       0       0 ../TMP/data_2.20040603150622.tmp
     140     814    5584 total
+ rm ../TMP/data_2.20040603150622.tmp 
+ expr 2 + 1 
i=3
+ ../../utilities/bin/Stcat -T ../TMP/roman3.20040603150622 'srb.sdsc.edu' 
+ wc data_3 ../TMP/data_3.20040603150622.tmp 
     210    1221    8376 data_3
     210    1221    8376 ../TMP/data_3.20040603150622.tmp
     420    2442   16752 total
+ rm ../TMP/data_3.20040603150622.tmp 
+ expr 3 + 1 
i=4
+ ../../utilities/bin/Stcat -T ../TMP/roman4.20040603150622 'srb.sdsc.edu' 
+ wc data_4 ../TMP/data_4.20040603150622.tmp 
     280    1628   11168 data_4
     280    1628   11168 ../TMP/data_4.20040603150622.tmp
     560    3256   22336 total
+ rm ../TMP/data_4.20040603150622.tmp 
+ expr 4 + 1 
i=5
+ ../../utilities/bin/Stcat -T ../TMP/roman5.20040603150622 'srb.sdsc.edu' 
+ wc datadb1.xml ../TMP/datadb1.xml.20040603150622.tmp 
     443     612    5147 datadb1.xml
     443     612    5147 ../TMP/datadb1.xml.20040603150622.tmp
     886    1224   10294 total
+ rm ../TMP/datadb1.xml.20040603150622.tmp 
+ expr 5 + 1 
i=6
+ ../../utilities/bin/Stcat -T ../TMP/roman6.20040603150622 'srb.sdsc.edu' 
+ wc dataempty ../TMP/dataempty.20040603150622.tmp 
       0       0       0 dataempty
       0       0       0 ../TMP/dataempty.20040603150622.tmp
       0       0       0 total
+ rm ../TMP/dataempty.20040603150622.tmp 
+ expr 6 + 1 
i=7
i=1
+ expr 1 + 1 
j=2
+ [ 2 -lt 4 ] 
+ ../../utilities/bin/Stcat -T ../TMP/roman1.20040603150622 'srb.sdsc.edu' 
+ wc data_1 ../TMP/data_1.20040603150622.tmp 
      70     407    2792 data_1
      70     407    2792 ../TMP/data_1.20040603150622.tmp
     140     814    5584 total
+ rm ../TMP/data_1.20040603150622.tmp 
+ expr 1 + 1 
i=2
+ ../../utilities/bin/Stcat -T ../TMP/roman2.20040603150622 'srb.sdsc.edu' 
Stcat: can't open SRB obj ":-3238"
+ wc data_2 ../TMP/data_2.20040603150622.tmp 
     140     814    5584 data_2
       0       0       0 ../TMP/data_2.20040603150622.tmp
     140     814    5584 total
+ rm ../TMP/data_2.20040603150622.tmp 
+ expr 2 + 1 
i=3
+ ../../utilities/bin/Stcat -T ../TMP/roman3.20040603150622 'srb.sdsc.edu' 
+ wc data_3 ../TMP/data_3.20040603150622.tmp 
     210    1221    8376 data_3
     210    1221    8376 ../TMP/data_3.20040603150622.tmp
     420    2442   16752 total
+ rm ../TMP/data_3.20040603150622.tmp 
+ expr 3 + 1 
i=4
+ ../../utilities/bin/Stcat -T ../TMP/roman4.20040603150622 'srb.sdsc.edu' 
+ wc data_4 ../TMP/data_4.20040603150622.tmp 
     280    1628   11168 data_4
     280    1628   11168 ../TMP/data_4.20040603150622.tmp
     560    3256   22336 total
+ rm ../TMP/data_4.20040603150622.tmp 
+ expr 4 + 1 
i=5
+ ../../utilities/bin/Stcat -T ../TMP/roman5.20040603150622 'srb.sdsc.edu' 
+ wc datadb1.xml ../TMP/datadb1.xml.20040603150622.tmp 
     443     612    5147 datadb1.xml
     443     612    5147 ../TMP/datadb1.xml.20040603150622.tmp
     886    1224   10294 total
+ rm ../TMP/datadb1.xml.20040603150622.tmp 
+ expr 5 + 1 
i=6
+ ../../utilities/bin/Stcat -T ../TMP/roman6.20040603150622 'srb.sdsc.edu' 
+ wc dataempty ../TMP/dataempty.20040603150622.tmp 
       0       0       0 dataempty
       0       0       0 ../TMP/dataempty.20040603150622.tmp
       0       0       0 total
+ rm ../TMP/dataempty.20040603150622.tmp 
+ expr 6 + 1 
i=7
i=1
+ expr 2 + 1 
j=3
+ [ 3 -lt 4 ] 
+ ../../utilities/bin/Stcat -T ../TMP/roman1.20040603150622 'srb.sdsc.edu' 
Stcat: can't open SRB obj ":-3005"
+ wc data_1 ../TMP/data_1.20040603150622.tmp 
      70     407    2792 data_1
       0       0       0 ../TMP/data_1.20040603150622.tmp
      70     407    2792 total
+ rm ../TMP/data_1.20040603150622.tmp 
+ expr 1 + 1 
i=2
+ ../../utilities/bin/Stcat -T ../TMP/roman2.20040603150622 'srb.sdsc.edu' 
Stcat: can't open SRB obj ":-3238"
+ wc data_2 ../TMP/data_2.20040603150622.tmp 
     140     814    5584 data_2
       0       0       0 ../TMP/data_2.20040603150622.tmp
     140     814    5584 total
+ rm ../TMP/data_2.20040603150622.tmp 
+ expr 2 + 1 
i=3
+ ../../utilities/bin/Stcat -T ../TMP/roman3.20040603150622 'srb.sdsc.edu' 
Stcat: can't open SRB obj ":-3005"
+ wc data_3 ../TMP/data_3.20040603150622.tmp 
     210    1221    8376 data_3
       0       0       0 ../TMP/data_3.20040603150622.tmp
     210    1221    8376 total
+ rm ../TMP/data_3.20040603150622.tmp 
+ expr 3 + 1 
i=4
+ ../../utilities/bin/Stcat -T ../TMP/roman4.20040603150622 'srb.sdsc.edu' 
Stcat: can't open SRB obj ":-3005"
+ wc data_4 ../TMP/data_4.20040603150622.tmp 
     280    1628   11168 data_4
       0       0       0 ../TMP/data_4.20040603150622.tmp
     280    1628   11168 total
+ rm ../TMP/data_4.20040603150622.tmp 
+ expr 4 + 1 
i=5
+ ../../utilities/bin/Stcat -T ../TMP/roman5.20040603150622 'srb.sdsc.edu' 
Stcat: can't open SRB obj ":-3005"
+ wc datadb1.xml ../TMP/datadb1.xml.20040603150622.tmp 
     443     612    5147 datadb1.xml
       0       0       0 ../TMP/datadb1.xml.20040603150622.tmp
     443     612    5147 total
+ rm ../TMP/datadb1.xml.20040603150622.tmp 
+ expr 5 + 1 
i=6
+ ../../utilities/bin/Stcat -T ../TMP/roman6.20040603150622 'srb.sdsc.edu' 
Stcat: can't open SRB obj ":-3005"
+ wc dataempty ../TMP/dataempty.20040603150622.tmp 
       0       0       0 dataempty
       0       0       0 ../TMP/dataempty.20040603150622.tmp
       0       0       0 total
+ rm ../TMP/dataempty.20040603150622.tmp 
+ expr 6 + 1 
i=7
i=1
+ expr 3 + 1 
j=4
+ [ 4 -lt 4 ] 
+ rm ../TMP/roman1.20040603150622 ../TMP/roman2.20040603150622 ../TMP/roman3.20040603150622 ../TMP/roman4.20040603150622 ../TMP/roman5.20040603150622 ../TMP/roman6.20040603150622 
+ ../../utilities/bin/Srmdir S_sub1 
+ ../../utilities/bin/Scd S_sub2 
+ ../../utilities/bin/Srm data* 
+ ../../utilities/bin/Scd .. 
+ ../../utilities/bin/Srmdir S_sub2 
+ ../../utilities/bin/Sls -lr 
/home/sekar.sdsc/Stest3Dir20040603150622:
+ ../../utilities/bin/Scd .. 
+ ../../utilities/bin/Srmdir Stest3Dir20040603150622 
+ ../../utilities/bin/Srmtrash 
+ ../../utilities/bin/Sexit 
+ exit 0 
